{
    "test undotted key": "x-test undotted key",
    "This is a non dotted translation key": "This is a non dotted translation key",
    "word": "x-word",
    "Works.": "x-Works."
}
